<html>
<body>
<pre>
<h1>µVision Build Log</h1>
<h2>Project:</h2>
D:\Filatov\Мои проекты STM32\Stm32f100_vl_discovery\stm32vldiscovery_package\Project\Demo\MDK-ARM\DISCOVER.uvproj
Project File Date:  09/13/2010

<h2>Output:</h2>
Build Project 'DISCOVER' - Target 'DISCOVER'
compiling system_stm32f10x.c...
compiling core_cm3.c...
assembling startup_stm32f10x_md_vl.s...
compiling stm32f10x_pwr.c...
compiling stm32f10x_rcc.c...
compiling misc.c...
compiling stm32f10x_exti.c...
compiling stm32f10x_gpio.c...
compiling STM32vldiscovery.c...
compiling stm32f10x_it.c...
compiling main.c...
linking...
Program Size: Code=1620 RO-data=348 RW-data=52 ZI-data=1028  
".\Debug\DISCOVER.axf" - 0 Error(s), 0 Warning(s).
</pre>
</body>
</html>
